------------------------------------------------------------
Timing Analyzer Summary
------------------------------------------------------------

Type  : Slow 1200mV 100C Model Setup 'pll|altpll_component|auto_generated|pll1|clk[1]'
Slack : -2.396
TNS   : -17.892

Type  : Slow 1200mV 100C Model Setup 'pll|altpll_component|auto_generated|pll1|clk[0]'
Slack : -0.438
TNS   : -2.433

Type  : Slow 1200mV 100C Model Hold 'pll|altpll_component|auto_generated|pll1|clk[0]'
Slack : 0.396
TNS   : 0.000

Type  : Slow 1200mV 100C Model Hold 'pll|altpll_component|auto_generated|pll1|clk[1]'
Slack : 0.548
TNS   : 0.000

Type  : Slow 1200mV 100C Model Recovery 'pll|altpll_component|auto_generated|pll1|clk[1]'
Slack : 120.327
TNS   : 0.000

Type  : Slow 1200mV 100C Model Removal 'pll|altpll_component|auto_generated|pll1|clk[1]'
Slack : 1.331
TNS   : 0.000

Type  : Slow 1200mV 100C Model Minimum Pulse Width 'pll|altpll_component|auto_generated|pll1|clk[0]'
Slack : 1.176
TNS   : 0.000

Type  : Slow 1200mV 100C Model Minimum Pulse Width 'CLK'
Slack : 9.891
TNS   : 0.000

Type  : Slow 1200mV 100C Model Minimum Pulse Width 'pll|altpll_component|auto_generated|pll1|clk[1]'
Slack : 62.116
TNS   : 0.000

Type  : Slow 1200mV -40C Model Setup 'pll|altpll_component|auto_generated|pll1|clk[1]'
Slack : -1.649
TNS   : -11.553

Type  : Slow 1200mV -40C Model Setup 'pll|altpll_component|auto_generated|pll1|clk[0]'
Slack : 0.101
TNS   : 0.000

Type  : Slow 1200mV -40C Model Hold 'pll|altpll_component|auto_generated|pll1|clk[0]'
Slack : 0.327
TNS   : 0.000

Type  : Slow 1200mV -40C Model Hold 'pll|altpll_component|auto_generated|pll1|clk[1]'
Slack : 0.486
TNS   : 0.000

Type  : Slow 1200mV -40C Model Recovery 'pll|altpll_component|auto_generated|pll1|clk[1]'
Slack : 120.836
TNS   : 0.000

Type  : Slow 1200mV -40C Model Removal 'pll|altpll_component|auto_generated|pll1|clk[1]'
Slack : 1.170
TNS   : 0.000

Type  : Slow 1200mV -40C Model Minimum Pulse Width 'pll|altpll_component|auto_generated|pll1|clk[0]'
Slack : 1.176
TNS   : 0.000

Type  : Slow 1200mV -40C Model Minimum Pulse Width 'CLK'
Slack : 9.908
TNS   : 0.000

Type  : Slow 1200mV -40C Model Minimum Pulse Width 'pll|altpll_component|auto_generated|pll1|clk[1]'
Slack : 62.104
TNS   : 0.000

Type  : Fast 1200mV -40C Model Setup 'pll|altpll_component|auto_generated|pll1|clk[1]'
Slack : 0.871
TNS   : 0.000

Type  : Fast 1200mV -40C Model Setup 'pll|altpll_component|auto_generated|pll1|clk[0]'
Slack : 1.727
TNS   : 0.000

Type  : Fast 1200mV -40C Model Hold 'pll|altpll_component|auto_generated|pll1|clk[0]'
Slack : 0.168
TNS   : 0.000

Type  : Fast 1200mV -40C Model Hold 'pll|altpll_component|auto_generated|pll1|clk[1]'
Slack : 0.229
TNS   : 0.000

Type  : Fast 1200mV -40C Model Recovery 'pll|altpll_component|auto_generated|pll1|clk[1]'
Slack : 122.583
TNS   : 0.000

Type  : Fast 1200mV -40C Model Removal 'pll|altpll_component|auto_generated|pll1|clk[1]'
Slack : 0.607
TNS   : 0.000

Type  : Fast 1200mV -40C Model Minimum Pulse Width 'pll|altpll_component|auto_generated|pll1|clk[0]'
Slack : 1.573
TNS   : 0.000

Type  : Fast 1200mV -40C Model Minimum Pulse Width 'CLK'
Slack : 9.626
TNS   : 0.000

Type  : Fast 1200mV -40C Model Minimum Pulse Width 'pll|altpll_component|auto_generated|pll1|clk[1]'
Slack : 62.234
TNS   : 0.000

------------------------------------------------------------
